{"candidate_commit": "6889f8c5dcca335b71c572865d5483c8e68c0890", "candidate_tree": "8f952188d114ce3d2446fa085a84b95cfd57b143", "environment": {"CARGO_BUILD_JOBS": "1", "CCACHE_DISABLE": "1", "RUST_TEST_THREADS": "1"}, "gate": {"command": "cargo verus verify --package peritus-obligations --all-features --locked --check-toolchain --fwd-verus-args-to roots -- --no-cheating --rlimit 20", "invocation": ["taskset", "-c", "0,1", "cargo", "verus", "verify", "--package", "peritus-obligations", "--all-features", "--locked", "--check-toolchain", "--fwd-verus-args-to", "roots", "--", "--no-cheating", "--rlimit", "20"], "kind": "verus-verify", "output": "052-peritus-obligations-verus-verify.log", "owning_crate": "peritus-obligations", "started_at": "2026-10-09T21:21:31.616835Z"}, "plan_sha256": "875c746cf01fa6e0af94d49925a2c897772251ed7c698b8b48c0714ee499fae3"}

warning: Verus does not (yet) support autoderive Clone impl when the clone is not a copy; continuing, but without adding a specification for the derived Clone impl
  --> crates/orchestration/peritus-run-settlement/src/evidence.rs:96:10
   |
96 | #[derive(Clone, Copy, Debug, Eq, Hash, PartialEq)]
   |          ^^^^^
   |
   = help: to suppress this warning, use `#[verifier::allow(autoderive_clone_without_spec)]` on the surrounding function, datatype, or module or `#![verifier::allow(autoderive_clone_without_spec)]` in the module or crate

warning: autoderive Clone impl does not take the form Verus expects; continuing, but without adding a specification for the derived Clone impl
   --> crates/orchestration/peritus-run-settlement/src/evidence.rs:162:10
    |
162 | #[derive(Clone, Copy, Debug, Eq, Hash, PartialEq)]
    |          ^^^^^
    |
    = help: to suppress this warning, use `#[verifier::allow(autoderive_clone_without_spec)]` on the surrounding function, datatype, or module or `#![verifier::allow(autoderive_clone_without_spec)]` in the module or crate

warning: `peritus-run-settlement` (lib) generated 2 warnings
note: function body check has been running for 2 seconds
      reporting errors as they are discovered (they may not be in source order)
   --> crates/orchestration/peritus-obligations/src/ledger/model.rs:285:1
    |
285 | / pub proof fn clone_preserves_ledger_valid(
286 | |     source_digest: Sha256Digest,
287 | |     conversation_revision: u64,
288 | |     original: Seq<RequirementEntry>,
289 | |     cloned: Seq<RequirementEntry>,
290 | |     limits: ObligationLimits,
291 | | )
    | |_^

note: function body check finished in 4 seconds
   --> crates/orchestration/peritus-obligations/src/ledger/model.rs:285:1
    |
285 | / pub proof fn clone_preserves_ledger_valid(
286 | |     source_digest: Sha256Digest,
287 | |     conversation_revision: u64,
288 | |     original: Seq<RequirementEntry>,
289 | |     cloned: Seq<RequirementEntry>,
290 | |     limits: ObligationLimits,
291 | | )
    | |_^

note: while loop has been running for 2 seconds
      reporting errors as they are discovered (they may not be in source order)
   --> crates/orchestration/peritus-obligations/src/ledger/validation.rs:127:5
    |
127 |     while index < drafts.len()
    |     ^^^^^^^^^^^^^^^^^^^^^^^^^^

note: while loop finished in 2 seconds
   --> crates/orchestration/peritus-obligations/src/ledger/validation.rs:127:5
    |
127 |     while index < drafts.len()
    |     ^^^^^^^^^^^^^^^^^^^^^^^^^^

note: automatically chose triggers for this expression:
   --> crates/orchestration/peritus-obligations/src/ledger/model.rs:108:9
    |
108 |       &&& forall |index: int| 0 <= index < drafts.len() ==>
    |  _________^
109 | |         draft_valid(source, &drafts[index], index, limits)
    | |__________________________________________________________^

note:   trigger 1 of 1:
   --> crates/orchestration/peritus-obligations/src/ledger/model.rs:109:30
    |
109 |         draft_valid(source, &drafts[index], index, limits)
    |                              ^^^^^^^^^^^^^

note: automatically chose triggers for this expression:
   --> crates/orchestration/peritus-obligations/src/ledger/model.rs:143:12
    |
143 |           && forall |index: int| 0 <= index < entries.len() ==>
    |  ____________^
144 | |             entry_matches_draft(source, &drafts[index], index, &entries[index])
    | |_______________________________________________________________________________^

note:   trigger 1 of 2:
   --> crates/orchestration/peritus-obligations/src/ledger/model.rs:144:42
    |
144 |             entry_matches_draft(source, &drafts[index], index, &entries[index])
    |                                          ^^^^^^^^^^^^^

note:   trigger 2 of 2:
   --> crates/orchestration/peritus-obligations/src/ledger/model.rs:144:65
    |
144 |             entry_matches_draft(source, &drafts[index], index, &entries[index])
    |                                                                 ^^^^^^^^^^^^^^

note: automatically chose triggers for this expression:
   --> crates/orchestration/peritus-obligations/src/ledger/model.rs:211:5
    |
211 |     assert forall |index: int| 0 <= index < entries.push(entry).len() implies
    |     ^^^^^^

note:   trigger 1 of 1:
   --> crates/orchestration/peritus-obligations/src/ledger/model.rs:212:38
    |
212 |         entry_matches_draft(source, &drafts[index], index, &entries.push(entry)[index]) by {
    |                                      ^^^^^^^^^^^^^

note: automatically chose triggers for this expression:
   --> crates/orchestration/peritus-obligations/src/ledger/validation.rs:132:13
    |
132 | /             forall |prior: int| 0 <= prior < index ==>
133 | |                 model::draft_valid(source, &drafts@[prior], prior, limits),
    | |__________________________________________________________________________^

note:   trigger 1 of 1:
   --> crates/orchestration/peritus-obligations/src/ledger/validation.rs:133:45
    |
133 |                 model::draft_valid(source, &drafts@[prior], prior, limits),
    |                                             ^^^^^^^^^^^^^^

note: Verus printed one or more automatically chosen quantifier triggers
      because it had low confidence in the chosen triggers.
      To suppress these messages, do one of the following:
        (1) manually annotate a single desired trigger using #[trigger]
            (example: forall|i: int, j: int| f(i) && #[trigger] g(i) && #[trigger] h(j)),
        (2) manually annotate multiple desired triggers using #![trigger ...]
            (example: forall|i: int| #![trigger f(i)] #![trigger g(i)] f(i) && g(i)),
        (3) accept the automatically chosen trigger using #![auto]
            (example: forall|i: int, j: int| #![auto] f(i) && g(i) && h(j))
        (4) use the --triggers-mode silent command-line option to suppress all printing of triggers.
      (Note: triggers are used by the underlying SMT theorem prover to instantiate quantifiers;
      the theorem prover instantiates a quantifier whenever some expression matches the
      pattern specified by one of the quantifier's triggers.)
   --> crates/orchestration/peritus-obligations/src/ledger/validation.rs:132:13
    |
132 | /             forall |prior: int| 0 <= prior < index ==>
133 | |                 model::draft_valid(source, &drafts@[prior], prior, limits),
    | |__________________________________________________________________________^

    Finished `dev` profile [unoptimized] target(s) in 0.12s

GATE DRIVER RESULT: {"command": "cargo verus verify --package peritus-obligations --all-features --locked --check-toolchain --fwd-verus-args-to roots -- --no-cheating --rlimit 20", "command_exit_code": 0, "elapsed_seconds": 0.365, "exit_code": 0, "finished_at": "2026-10-09T21:21:31.981783Z", "invocation": ["taskset", "-c", "0,1", "cargo", "verus", "verify", "--package", "peritus-obligations", "--all-features", "--locked", "--check-toolchain", "--fwd-verus-args-to", "roots", "--", "--no-cheating", "--rlimit", "20"], "kind": "verus-verify", "output": "052-peritus-obligations-verus-verify.log", "owning_crate": "peritus-obligations", "result": "passed", "started_at": "2026-10-09T21:21:31.616835Z"}
